reshape *  checking examples ... ERROR
Running examples in 'reshape-Ex.R' failed
The error most likely occurred in:

> base::assign(".ptime", proc.time(), pos = "CheckExEnv")
> ### Name: cast
> ### Title: Cast function
> ### Aliases: cast
> ### Keywords: manip
> 
> ### ** Examples
> #Air quality example
> names(airquality) <- tolower(names(airquality))
> aqm <- melt(airquality, id=c("month", "day"), na.rm=TRUE)
> 
> cast(aqm, day ~ month ~ variable)
, , variable = ozone

    month
day    5  6   7   8  9
  1   41 NA 135  39 96
  2   36 NA  49   9 78
  3   12 NA  32  16 73
  4   18 NA  NA  78 91
  5   NA NA  64  35 47
  6   28 NA  40  66 32
  7   23 29  77 122 20
  8   19 NA  97  89 23
  9    8 71  97 110 21
  10  NA 39  85  NA 24
  11   7 NA  NA  NA 44
  12  16 NA  10  44 21
  13  11 23  27  28 28
  14  14 NA  NA  65  9
  15  18 NA   7  NA 13
  16  14 21  48  22 46
  17  34 37  35  59 18
  18   6 20  61  23 13
  19  30 12  79  31 24
  20  11 13  63  44 16
  21   1 NA  16  21 13
  22  11 NA  NA   9 23
  23   4 NA  NA  NA 36
  24  32 NA  80  45  7
  25  NA NA 108 168 14
  26  NA NA  20  73 30
  27  NA NA  52  NA NA
  28  23 NA  82  76 14
  29  45 NA  50 118 18
  30 115 NA  64  84 20
  31  37 NA  59  85 NA

, , variable = solar.r

    month
day    5   6   7   8   9
  1  190 286 269  83 167
  2  118 287 248  24 197
  3  149 242 236  77 183
  4  313 186 101  NA 189
  5   NA 220 175  NA  95
  6   NA 264 314  NA  92
  7  299 127 276 255 252
  8   99 273 267 229 220
  9   19 291 272 207 230
  10 194 323 175 222 259
  11  NA 259 139 137 236
  12 256 250 264 192 259
  13 290 148 175 273 238
  14 274 332 291 157  24
  15  65 322  48  64 112
  16 334 191 260  71 237
  17 307 284 274  51 224
  18  78  37 285 115  27
  19 322 120 187 244 238
  20  44 137 220 190 201
  21   8 150   7 259 238
  22 320  59 258  36  14
  23  25  91 295 255 139
  24  92 250 294 212  49
  25  66 135 223 238  20
  26 266 127  81 215 193
  27  NA  47  82 153 145
  28  13  98 213 203 191
  29 252  31 275 225 131
  30 223 138 253 237 223
  31 279  NA 254 188  NA

, , variable = wind

    month
day     5    6    7    8    9
  1   7.4  8.6  4.1  6.9  6.9
  2   8.0  9.7  9.2 13.8  5.1
  3  12.6 16.1  9.2  7.4  2.8
  4  11.5  9.2 10.9  6.9  4.6
  5  14.3  8.6  4.6  7.4  7.4
  6  14.9 14.3 10.9  4.6 15.5
  7   8.6  9.7  5.1  4.0 10.9
  8  13.8  6.9  6.3 10.3 10.3
  9  20.1 13.8  5.7  8.0 10.9
  10  8.6 11.5  7.4  8.6  9.7
  11  6.9 10.9  8.6 11.5 14.9
  12  9.7  9.2 14.3 11.5 15.5
  13  9.2  8.0 14.9 11.5  6.3
  14 10.9 13.8 14.9  9.7 10.9
  15 13.2 11.5 14.3 11.5 11.5
  16 11.5 14.9  6.9 10.3  6.9
  17 12.0 20.7 10.3  6.3 13.8
  18 18.4  9.2  6.3  7.4 10.3
  19 11.5 11.5  5.1 10.9 10.3
  20  9.7 10.3 11.5 10.3  8.0
  21  9.7  6.3  6.9 15.5 12.6
  22 16.6  1.7  9.7 14.3  9.2
  23  9.7  4.6 11.5 12.6 10.3
  24 12.0  6.3  8.6  9.7 10.3
  25 16.6  8.0  8.0  3.4 16.6
  26 14.9  8.0  8.6  8.0  6.9
  27  8.0 10.3 12.0  5.7 13.2
  28 12.0 11.5  7.4  9.7 14.3
  29 14.9 14.9  7.4  2.3  8.0
  30  5.7  8.0  7.4  6.3 11.5
  31  7.4   NA  9.2  6.3   NA

, , variable = temp

    month
day   5  6  7  8  9
  1  67 78 84 81 91
  2  72 74 85 81 92
  3  74 67 81 82 93
  4  62 84 84 86 93
  5  56 85 83 85 87
  6  66 79 83 87 84
  7  65 82 88 89 80
  8  59 87 92 90 78
  9  61 90 92 90 75
  10 69 87 89 92 73
  11 74 93 82 86 81
  12 69 92 73 86 76
  13 66 82 81 82 77
  14 68 80 91 80 71
  15 58 79 80 79 71
  16 64 77 81 77 78
  17 66 72 82 79 67
  18 57 65 84 76 76
  19 68 73 87 78 68
  20 62 76 85 78 82
  21 59 77 74 77 64
  22 73 76 81 72 71
  23 61 76 82 75 81
  24 61 76 86 79 69
  25 57 75 85 81 63
  26 58 78 82 86 70
  27 57 73 86 88 77
  28 67 80 88 97 75
  29 81 77 86 94 76
  30 79 83 83 96 68
  31 76 NA 81 94 NA

> cast(aqm, month ~ variable, mean)
  month    ozone  solar.r      wind     temp
1     5 23.61538 181.2963 11.622581 65.54839
2     6 29.44444 190.1667 10.266667 79.10000
3     7 59.11538 216.4839  8.941935 83.90323
4     8 59.96154 171.8571  8.793548 83.96774
5     9 31.44828 167.4333 10.180000 76.90000
> cast(aqm, month ~ . | variable, mean)
$ozone
  month    (all)
1     5 23.61538
2     6 29.44444
3     7 59.11538
4     8 59.96154
5     9 31.44828

$solar.r
  month    (all)
1     5 181.2963
2     6 190.1667
3     7 216.4839
4     8 171.8571
5     9 167.4333

$wind
  month     (all)
1     5 11.622581
2     6 10.266667
3     7  8.941935
4     8  8.793548
5     9 10.180000

$temp
  month    (all)
1     5 65.54839
2     6 79.10000
3     7 83.90323
4     8 83.96774
5     9 76.90000

> cast(aqm, month ~ variable, mean, margins=c("grand_row", "grand_col"))
Error in allocate_column(df[[var]], nrows, dfs, var) : 
  Array variable result has inconsistent dims
Calls: cast ... sort_df -> rbind.fill -> output_template -> allocate_column
Execution halted